2026-10-03 03:15:14,913 - aqt.helper - DEBUG - helper 140686417483584 Attempt to download checksum at https://download.qt.io/online/qtsdkrepository/linux_x64/desktop/qt6_683/qt6_683/Updates.xml.sha256
2026-10-03 03:15:24,649 - aqt.main - INFO - installer 139697857005376 aqtinstall(aqt) v3.3.0 on Python 3.12.11 [CPython Clang 20.1.4 ]
2026-10-03 03:15:24,649 - aqt.helper - DEBUG - helper 139697857005376 Attempt to download checksum at https://download.qt.io/online/qtsdkrepository/linux_x64/desktop/qt6_683/qt6_683/Updates.xml.sha256
2026-10-03 03:15:26,760 - aqt.helper - DEBUG - helper 139697857005376 Attempt to download checksum at https://download.qt.io/online/qtsdkrepository/linux_x64/extensions/qtwebengine/683/x86_64/Updates.xml.sha256
2026-10-03 03:15:28,709 - aqt.archives - INFO - archives 139697857005376 Found extension qtwebengine
2026-10-03 03:15:28,710 - aqt.helper - DEBUG - helper 139697857005376 Attempt to download checksum at https://download.qt.io/online/qtsdkrepository/linux_x64/extensions/qtpdf/683/x86_64/Updates.xml.sha256
2026-10-03 03:15:30,577 - aqt.archives - INFO - archives 139697857005376 Found extension qtpdf
2026-10-03 03:15:31,272 - aqt.helper - DEBUG - helper 140166736738112 Attempt to download checksum at https://download.qt.io/online/qtsdkrepository/linux_x64/desktop/qt6_683/qt6_683/qt.qt6.683.linux_gcc_64/6.8.3-0-202503201345qtbase-Linux-RHEL_8_10-GCC-Linux-RHEL_8_10-X86_64.7z.sha256
2026-10-03 03:15:31,289 - aqt.helper - DEBUG - helper 139625935365952 Attempt to download checksum at https://download.qt.io/online/qtsdkrepository/linux_x64/desktop/qt6_683/qt6_683/qt.qt6.683.linux_gcc_64/6.8.3-0-202503201345qtsvg-Linux-RHEL_8_10-GCC-Linux-RHEL_8_10-X86_64.7z.sha256
2026-10-03 03:15:31,305 - aqt.helper - DEBUG - helper 140345167669056 Attempt to download checksum at https://download.qt.io/online/qtsdkrepository/linux_x64/desktop/qt6_683/qt6_683/qt.qt6.683.linux_gcc_64/6.8.3-0-202503201345qtdeclarative-Linux-RHEL_8_10-GCC-Linux-RHEL_8_10-X86_64.7z.sha256
2026-10-03 03:15:31,325 - aqt.helper - DEBUG - helper 139634135803712 Attempt to download checksum at https://download.qt.io/online/qtsdkrepository/linux_x64/desktop/qt6_683/qt6_683/qt.qt6.683.linux_gcc_64/6.8.3-0-202503201345qttools-Linux-RHEL_8_10-GCC-Linux-RHEL_8_10-X86_64.7z.sha256
2026-10-03 03:15:32,129 - aqt.helper - INFO - helper 140166736738112 Downloading qtbase...
2026-10-03 03:15:32,130 - aqt.installer - DEBUG - installer 140166736738112 Download URL: https://download.qt.io/online/qtsdkrepository/linux_x64/desktop/qt6_683/qt6_683/qt.qt6.683.linux_gcc_64/6.8.3-0-202503201345qtbase-Linux-RHEL_8_10-GCC-Linux-RHEL_8_10-X86_64.7z
2026-10-03 03:15:32,179 - aqt.helper - INFO - helper 139634135803712 Downloading qttools...
2026-10-03 03:15:32,180 - aqt.installer - DEBUG - installer 139634135803712 Download URL: https://download.qt.io/online/qtsdkrepository/linux_x64/desktop/qt6_683/qt6_683/qt.qt6.683.linux_gcc_64/6.8.3-0-202503201345qttools-Linux-RHEL_8_10-GCC-Linux-RHEL_8_10-X86_64.7z
2026-10-03 03:15:32,194 - aqt.helper - INFO - helper 140345167669056 Downloading qtdeclarative...
2026-10-03 03:15:32,194 - aqt.installer - DEBUG - installer 140345167669056 Download URL: https://download.qt.io/online/qtsdkrepository/linux_x64/desktop/qt6_683/qt6_683/qt.qt6.683.linux_gcc_64/6.8.3-0-202503201345qtdeclarative-Linux-RHEL_8_10-GCC-Linux-RHEL_8_10-X86_64.7z
2026-10-03 03:15:32,218 - aqt.helper - INFO - helper 139625935365952 Downloading qtsvg...
2026-10-03 03:15:32,219 - aqt.installer - DEBUG - installer 139625935365952 Download URL: https://download.qt.io/online/qtsdkrepository/linux_x64/desktop/qt6_683/qt6_683/qt.qt6.683.linux_gcc_64/6.8.3-0-202503201345qtsvg-Linux-RHEL_8_10-GCC-Linux-RHEL_8_10-X86_64.7z
2026-10-03 03:15:33,130 - aqt.helper - DEBUG - helper 139634135803712 Asked to redirect(302) to: https://mirrors.sau.edu.cn/qt/online/qtsdkrepository/linux_x64/desktop/qt6_683/qt6_683/qt.qt6.683.linux_gcc_64/6.8.3-0-202503201345qttools-Linux-RHEL_8_10-GCC-Linux-RHEL_8_10-X86_64.7z
2026-10-03 03:15:33,130 - aqt.helper - INFO - helper 139634135803712 Redirected: mirrors.sau.edu.cn
2026-10-03 03:15:33,144 - aqt.helper - DEBUG - helper 140345167669056 Asked to redirect(302) to: https://mirrors.sau.edu.cn/qt/online/qtsdkrepository/linux_x64/desktop/qt6_683/qt6_683/qt.qt6.683.linux_gcc_64/6.8.3-0-202503201345qtdeclarative-Linux-RHEL_8_10-GCC-Linux-RHEL_8_10-X86_64.7z
2026-10-03 03:15:33,144 - aqt.helper - INFO - helper 140345167669056 Redirected: mirrors.sau.edu.cn
2026-10-03 03:15:33,186 - aqt.helper - DEBUG - helper 140166736738112 Asked to redirect(302) to: https://mirrors.sau.edu.cn/qt/online/qtsdkrepository/linux_x64/desktop/qt6_683/qt6_683/qt.qt6.683.linux_gcc_64/6.8.3-0-202503201345qtbase-Linux-RHEL_8_10-GCC-Linux-RHEL_8_10-X86_64.7z
2026-10-03 03:15:33,186 - aqt.helper - INFO - helper 140166736738112 Redirected: mirrors.sau.edu.cn
2026-10-03 03:15:33,213 - aqt.helper - DEBUG - helper 139625935365952 Asked to redirect(302) to: https://mirrors.sau.edu.cn/qt/online/qtsdkrepository/linux_x64/desktop/qt6_683/qt6_683/qt.qt6.683.linux_gcc_64/6.8.3-0-202503201345qtsvg-Linux-RHEL_8_10-GCC-Linux-RHEL_8_10-X86_64.7z
2026-10-03 03:15:33,213 - aqt.helper - INFO - helper 139625935365952 Redirected: mirrors.sau.edu.cn
2026-10-03 03:15:34,448 - aqt.installer - INFO - installer 139625935365952 Finished installation of qtsvg-Linux-RHEL_8_10-GCC-Linux-RHEL_8_10-X86_64.7z in 3.16483553
2026-10-03 03:15:34,467 - aqt.helper - DEBUG - helper 139625935365952 Attempt to download checksum at https://download.qt.io/online/qtsdkrepository/linux_x64/desktop/qt6_683/qt6_683/qt.qt6.683.linux_gcc_64/6.8.3-0-202503201345qttranslations-Linux-RHEL_8_10-GCC-Linux-RHEL_8_10-X86_64.7z.sha256
2026-10-03 03:15:35,473 - aqt.helper - INFO - helper 139625935365952 Downloading qttranslations...
2026-10-03 03:15:35,473 - aqt.installer - DEBUG - installer 139625935365952 Download URL: https://download.qt.io/online/qtsdkrepository/linux_x64/desktop/qt6_683/qt6_683/qt.qt6.683.linux_gcc_64/6.8.3-0-202503201345qttranslations-Linux-RHEL_8_10-GCC-Linux-RHEL_8_10-X86_64.7z
2026-10-03 03:15:36,533 - aqt.helper - DEBUG - helper 139625935365952 Asked to redirect(302) to: https://mirrors.sau.edu.cn/qt/online/qtsdkrepository/linux_x64/desktop/qt6_683/qt6_683/qt.qt6.683.linux_gcc_64/6.8.3-0-202503201345qttranslations-Linux-RHEL_8_10-GCC-Linux-RHEL_8_10-X86_64.7z
2026-10-03 03:15:36,533 - aqt.helper - INFO - helper 139625935365952 Redirected: mirrors.sau.edu.cn
2026-10-03 03:15:43,553 - aqt.installer - INFO - installer 139625935365952 Finished installation of qttranslations-Linux-RHEL_8_10-GCC-Linux-RHEL_8_10-X86_64.7z in 9.09287836
2026-10-03 03:15:43,574 - aqt.helper - DEBUG - helper 139625935365952 Attempt to download checksum at https://download.qt.io/online/qtsdkrepository/linux_x64/desktop/qt6_683/qt6_683/qt.qt6.683.linux_gcc_64/6.8.3-0-202503201345qtwayland-Linux-RHEL_8_10-GCC-Linux-RHEL_8_10-X86_64.7z.sha256
2026-10-03 03:15:44,422 - aqt.helper - INFO - helper 139625935365952 Downloading qtwayland...
2026-10-03 03:15:44,422 - aqt.installer - DEBUG - installer 139625935365952 Download URL: https://download.qt.io/online/qtsdkrepository/linux_x64/desktop/qt6_683/qt6_683/qt.qt6.683.linux_gcc_64/6.8.3-0-202503201345qtwayland-Linux-RHEL_8_10-GCC-Linux-RHEL_8_10-X86_64.7z
2026-10-03 03:15:45,276 - aqt.helper - DEBUG - helper 139625935365952 Asked to redirect(302) to: https://mirrors.sau.edu.cn/qt/online/qtsdkrepository/linux_x64/desktop/qt6_683/qt6_683/qt.qt6.683.linux_gcc_64/6.8.3-0-202503201345qtwayland-Linux-RHEL_8_10-GCC-Linux-RHEL_8_10-X86_64.7z
2026-10-03 03:15:45,276 - aqt.helper - INFO - helper 139625935365952 Redirected: mirrors.sau.edu.cn
2026-10-03 03:15:47,314 - aqt.installer - INFO - installer 139625935365952 Finished installation of qtwayland-Linux-RHEL_8_10-GCC-Linux-RHEL_8_10-X86_64.7z in 3.74677054
2026-10-03 03:15:47,332 - aqt.helper - DEBUG - helper 139625935365952 Attempt to download checksum at https://download.qt.io/online/qtsdkrepository/linux_x64/desktop/qt6_683/qt6_683/qt.qt6.683.linux_gcc_64/6.8.3-0-202503201345icu-linux-Rhel8.6-x86_64.7z.sha256
2026-10-03 03:15:48,189 - aqt.helper - INFO - helper 139625935365952 Downloading icu...
2026-10-03 03:15:48,189 - aqt.installer - DEBUG - installer 139625935365952 Download URL: https://download.qt.io/online/qtsdkrepository/linux_x64/desktop/qt6_683/qt6_683/qt.qt6.683.linux_gcc_64/6.8.3-0-202503201345icu-linux-Rhel8.6-x86_64.7z
2026-10-03 03:15:49,072 - aqt.helper - DEBUG - helper 139625935365952 Asked to redirect(302) to: https://mirrors.sau.edu.cn/qt/online/qtsdkrepository/linux_x64/desktop/qt6_683/qt6_683/qt.qt6.683.linux_gcc_64/6.8.3-0-202503201345icu-linux-Rhel8.6-x86_64.7z
2026-10-03 03:15:49,073 - aqt.helper - INFO - helper 139625935365952 Redirected: mirrors.sau.edu.cn
2026-10-03 03:16:14,694 - aqt.installer - INFO - installer 139625935365952 Finished installation of icu-linux-Rhel8.6-x86_64.7z in 27.36904664
2026-10-03 03:16:57,268 - aqt.installer - INFO - installer 140166736738112 Finished installation of qtbase-Linux-RHEL_8_10-GCC-Linux-RHEL_8_10-X86_64.7z in 86.00723144
2026-10-03 03:17:29,333 - aqt.installer - INFO - installer 139634135803712 Finished installation of qttools-Linux-RHEL_8_10-GCC-Linux-RHEL_8_10-X86_64.7z in 118.01311208
2026-10-03 03:19:13,752 - aqt.installer - INFO - installer 140345167669056 Finished installation of qtdeclarative-Linux-RHEL_8_10-GCC-Linux-RHEL_8_10-X86_64.7z in 222.45128180
2026-10-03 03:19:13,928 - aqt.updater - INFO - updater 139697857005376 Patching /opt/qt/6.8.3/gcc_64/bin/qmake
2026-10-03 03:19:13,933 - aqt.updater - INFO - updater 139697857005376 Patching /opt/qt/6.8.3/gcc_64/lib/pkgconfig/Qt6UiTools.pc
2026-10-03 03:19:13,933 - aqt.updater - INFO - updater 139697857005376 Patching /opt/qt/6.8.3/gcc_64/lib/pkgconfig/Qt6QmlXmlListModel.pc
2026-10-03 03:19:13,934 - aqt.updater - INFO - updater 139697857005376 Patching /opt/qt/6.8.3/gcc_64/lib/pkgconfig/Qt6LabsQmlModels.pc
2026-10-03 03:19:13,934 - aqt.updater - INFO - updater 139697857005376 Patching /opt/qt/6.8.3/gcc_64/lib/pkgconfig/Qt6QuickControls2ImagineStyleImpl.pc
2026-10-03 03:19:13,934 - aqt.updater - INFO - updater 139697857005376 Patching /opt/qt/6.8.3/gcc_64/lib/pkgconfig/Qt6QuickControls2Material.pc
2026-10-03 03:19:13,934 - aqt.updater - INFO - updater 139697857005376 Patching /opt/qt/6.8.3/gcc_64/lib/pkgconfig/Qt6DBus.pc
2026-10-03 03:19:13,934 - aqt.updater - INFO - updater 139697857005376 Patching /opt/qt/6.8.3/gcc_64/lib/pkgconfig/Qt6QuickDialogs2Utils.pc
2026-10-03 03:19:13,934 - aqt.updater - INFO - updater 139697857005376 Patching /opt/qt/6.8.3/gcc_64/lib/pkgconfig/Qt6QuickControls2BasicStyleImpl.pc
2026-10-03 03:19:13,934 - aqt.updater - INFO - updater 139697857005376 Patching /opt/qt/6.8.3/gcc_64/lib/pkgconfig/Qt6LabsSharedImage.pc
2026-10-03 03:19:13,934 - aqt.updater - INFO - updater 139697857005376 Patching /opt/qt/6.8.3/gcc_64/lib/pkgconfig/Qt6OpenGL.pc
2026-10-03 03:19:13,934 - aqt.updater - INFO - updater 139697857005376 Patching /opt/qt/6.8.3/gcc_64/lib/pkgconfig/Qt6LabsSettings.pc
2026-10-03 03:19:13,934 - aqt.updater - INFO - updater 139697857005376 Patching /opt/qt/6.8.3/gcc_64/lib/pkgconfig/Qt6Xml.pc
2026-10-03 03:19:13,935 - aqt.updater - INFO - updater 139697857005376 Patching /opt/qt/6.8.3/gcc_64/lib/pkgconfig/Qt6QmlAssetDownloader.pc
2026-10-03 03:19:13,935 - aqt.updater - INFO - updater 139697857005376 Patching /opt/qt/6.8.3/gcc_64/lib/pkgconfig/Qt6Concurrent.pc
2026-10-03 03:19:13,935 - aqt.updater - INFO - updater 139697857005376 Patching /opt/qt/6.8.3/gcc_64/lib/pkgconfig/Qt6QmlCore.pc
2026-10-03 03:19:13,935 - aqt.updater - INFO - updater 139697857005376 Patching /opt/qt/6.8.3/gcc_64/lib/pkgconfig/Qt6QuickControls2Universal.pc
2026-10-03 03:19:13,935 - aqt.updater - INFO - updater 139697857005376 Patching /opt/qt/6.8.3/gcc_64/lib/pkgconfig/Qt6UiPlugin.pc
2026-10-03 03:19:13,935 - aqt.updater - INFO - updater 139697857005376 Patching /opt/qt/6.8.3/gcc_64/lib/pkgconfig/Qt6QmlLocalStorage.pc
2026-10-03 03:19:13,935 - aqt.updater - INFO - updater 139697857005376 Patching /opt/qt/6.8.3/gcc_64/lib/pkgconfig/Qt6Sql.pc
2026-10-03 03:19:13,935 - aqt.updater - INFO - updater 139697857005376 Patching /opt/qt/6.8.3/gcc_64/lib/pkgconfig/Qt6QmlIntegration.pc
2026-10-03 03:19:13,935 - aqt.updater - INFO - updater 139697857005376 Patching /opt/qt/6.8.3/gcc_64/lib/pkgconfig/Qt6LabsWavefrontMesh.pc
2026-10-03 03:19:13,935 - aqt.updater - INFO - updater 139697857005376 Patching /opt/qt/6.8.3/gcc_64/lib/pkgconfig/Qt6QmlNetwork.pc
2026-10-03 03:19:13,935 - aqt.updater - INFO - updater 139697857005376 Patching /opt/qt/6.8.3/gcc_64/lib/pkgconfig/Qt6Widgets.pc
2026-10-03 03:19:13,936 - aqt.updater - INFO - updater 139697857005376 Patching /opt/qt/6.8.3/gcc_64/lib/pkgconfig/Qt6Network.pc
2026-10-03 03:19:13,936 - aqt.updater - INFO - updater 139697857005376 Patching /opt/qt/6.8.3/gcc_64/lib/pkgconfig/Qt6QuickWidgets.pc
2026-10-03 03:19:13,936 - aqt.updater - INFO - updater 139697857005376 Patching /opt/qt/6.8.3/gcc_64/lib/pkgconfig/Qt6QuickControls2FusionStyleImpl.pc
2026-10-03 03:19:13,936 - aqt.updater - INFO - updater 139697857005376 Patching /opt/qt/6.8.3/gcc_64/lib/pkgconfig/Qt6QuickDialogs2QuickImpl.pc
2026-10-03 03:19:13,936 - aqt.updater - INFO - updater 139697857005376 Patching /opt/qt/6.8.3/gcc_64/lib/pkgconfig/Qt6QuickControls2Fusion.pc
2026-10-03 03:19:13,936 - aqt.updater - INFO - updater 139697857005376 Patching /opt/qt/6.8.3/gcc_64/lib/pkgconfig/Qt6QuickControls2Imagine.pc
2026-10-03 03:19:13,936 - aqt.updater - INFO - updater 139697857005376 Patching /opt/qt/6.8.3/gcc_64/lib/pkgconfig/Qt6QuickControls2UniversalStyleImpl.pc
2026-10-03 03:19:13,936 - aqt.updater - INFO - updater 139697857005376 Patching /opt/qt/6.8.3/gcc_64/lib/pkgconfig/Qt6QuickControls2FluentWinUI3StyleImpl.pc
2026-10-03 03:19:13,936 - aqt.updater - INFO - updater 139697857005376 Patching /opt/qt/6.8.3/gcc_64/lib/pkgconfig/Qt6QuickTemplates2.pc
2026-10-03 03:19:13,936 - aqt.updater - INFO - updater 139697857005376 Patching /opt/qt/6.8.3/gcc_64/lib/pkgconfig/Qt6Gui.pc
2026-10-03 03:19:13,936 - aqt.updater - INFO - updater 139697857005376 Patching /opt/qt/6.8.3/gcc_64/lib/pkgconfig/Qt6QuickLayouts.pc
2026-10-03 03:19:13,936 - aqt.updater - INFO - updater 139697857005376 Patching /opt/qt/6.8.3/gcc_64/lib/pkgconfig/Qt6WaylandClient.pc
2026-10-03 03:19:13,937 - aqt.updater - INFO - updater 139697857005376 Patching /opt/qt/6.8.3/gcc_64/lib/pkgconfig/Qt6Designer.pc
2026-10-03 03:19:13,937 - aqt.updater - INFO - updater 139697857005376 Patching /opt/qt/6.8.3/gcc_64/lib/pkgconfig/Qt6OpenGLWidgets.pc
2026-10-03 03:19:13,937 - aqt.updater - INFO - updater 139697857005376 Patching /opt/qt/6.8.3/gcc_64/lib/pkgconfig/Qt6LabsPlatform.pc
2026-10-03 03:19:13,937 - aqt.updater - INFO - updater 139697857005376 Patching /opt/qt/6.8.3/gcc_64/lib/pkgconfig/Qt6Core.pc
2026-10-03 03:19:13,937 - aqt.updater - INFO - updater 139697857005376 Patching /opt/qt/6.8.3/gcc_64/lib/pkgconfig/Qt6Svg.pc
2026-10-03 03:19:13,937 - aqt.updater - INFO - updater 139697857005376 Patching /opt/qt/6.8.3/gcc_64/lib/pkgconfig/Qt6QuickTest.pc
2026-10-03 03:19:13,937 - aqt.updater - INFO - updater 139697857005376 Patching /opt/qt/6.8.3/gcc_64/lib/pkgconfig/Qt6Qml.pc
2026-10-03 03:19:13,937 - aqt.updater - INFO - updater 139697857005376 Patching /opt/qt/6.8.3/gcc_64/lib/pkgconfig/Qt6QmlMeta.pc
2026-10-03 03:19:13,937 - aqt.updater - INFO - updater 139697857005376 Patching /opt/qt/6.8.3/gcc_64/lib/pkgconfig/Qt6QmlModels.pc
2026-10-03 03:19:13,937 - aqt.updater - INFO - updater 139697857005376 Patching /opt/qt/6.8.3/gcc_64/lib/pkgconfig/Qt6QuickControls2.pc
2026-10-03 03:19:13,937 - aqt.updater - INFO - updater 139697857005376 Patching /opt/qt/6.8.3/gcc_64/lib/pkgconfig/Qt6SvgWidgets.pc
2026-10-03 03:19:13,938 - aqt.updater - INFO - updater 139697857005376 Patching /opt/qt/6.8.3/gcc_64/lib/pkgconfig/Qt6PrintSupport.pc
2026-10-03 03:19:13,938 - aqt.updater - INFO - updater 139697857005376 Patching /opt/qt/6.8.3/gcc_64/lib/pkgconfig/Qt6QmlWorkerScript.pc
2026-10-03 03:19:13,938 - aqt.updater - INFO - updater 139697857005376 Patching /opt/qt/6.8.3/gcc_64/lib/pkgconfig/Qt6LabsAnimation.pc
2026-10-03 03:19:13,938 - aqt.updater - INFO - updater 139697857005376 Patching /opt/qt/6.8.3/gcc_64/lib/pkgconfig/Qt6QmlCompiler.pc
2026-10-03 03:19:13,938 - aqt.updater - INFO - updater 139697857005376 Patching /opt/qt/6.8.3/gcc_64/lib/pkgconfig/Qt6QuickVectorImage.pc
2026-10-03 03:19:13,938 - aqt.updater - INFO - updater 139697857005376 Patching /opt/qt/6.8.3/gcc_64/lib/pkgconfig/Qt6Platform.pc
2026-10-03 03:19:13,938 - aqt.updater - INFO - updater 139697857005376 Patching /opt/qt/6.8.3/gcc_64/lib/pkgconfig/Qt6QuickControls2MaterialStyleImpl.pc
2026-10-03 03:19:13,938 - aqt.updater - INFO - updater 139697857005376 Patching /opt/qt/6.8.3/gcc_64/lib/pkgconfig/Qt6Help.pc
2026-10-03 03:19:13,938 - aqt.updater - INFO - updater 139697857005376 Patching /opt/qt/6.8.3/gcc_64/lib/pkgconfig/Qt6Test.pc
2026-10-03 03:19:13,938 - aqt.updater - INFO - updater 139697857005376 Patching /opt/qt/6.8.3/gcc_64/lib/pkgconfig/Qt6QuickControls2Impl.pc
2026-10-03 03:19:13,938 - aqt.updater - INFO - updater 139697857005376 Patching /opt/qt/6.8.3/gcc_64/lib/pkgconfig/Qt6QuickDialogs2.pc
2026-10-03 03:19:13,938 - aqt.updater - INFO - updater 139697857005376 Patching /opt/qt/6.8.3/gcc_64/lib/pkgconfig/Qt6Linguist.pc
2026-10-03 03:19:13,939 - aqt.updater - INFO - updater 139697857005376 Patching /opt/qt/6.8.3/gcc_64/lib/pkgconfig/Qt6LabsFolderListModel.pc
2026-10-03 03:19:13,939 - aqt.updater - INFO - updater 139697857005376 Patching /opt/qt/6.8.3/gcc_64/lib/pkgconfig/Qt6QuickControls2Basic.pc
2026-10-03 03:19:13,939 - aqt.updater - INFO - updater 139697857005376 Patching /opt/qt/6.8.3/gcc_64/lib/pkgconfig/Qt6Quick.pc
2026-10-03 03:19:13,939 - aqt.updater - INFO - updater 139697857005376 Patching /opt/qt/6.8.3/gcc_64/lib/libQt6QuickTestUtils.prl
2026-10-03 03:19:13,940 - aqt.updater - INFO - updater 139697857005376 Patching /opt/qt/6.8.3/gcc_64/lib/libQt6Help.prl
2026-10-03 03:19:13,940 - aqt.updater - INFO - updater 139697857005376 Patching /opt/qt/6.8.3/gcc_64/lib/libQt6Gui.prl
2026-10-03 03:19:13,940 - aqt.updater - INFO - updater 139697857005376 Patching /opt/qt/6.8.3/gcc_64/lib/libQt6WaylandEglClientHwIntegration.prl
2026-10-03 03:19:13,940 - aqt.updater - INFO - updater 139697857005376 Patching /opt/qt/6.8.3/gcc_64/lib/libQt6Designer.prl
2026-10-03 03:19:13,940 - aqt.updater - INFO - updater 139697857005376 Patching /opt/qt/6.8.3/gcc_64/lib/libQt6QuickControls2Material.prl
2026-10-03 03:19:13,940 - aqt.updater - INFO - updater 139697857005376 Patching /opt/qt/6.8.3/gcc_64/lib/libQt6Svg.prl
2026-10-03 03:19:13,940 - aqt.updater - INFO - updater 139697857005376 Patching /opt/qt/6.8.3/gcc_64/lib/libQt6QmlModels.prl
2026-10-03 03:19:13,940 - aqt.updater - INFO - updater 139697857005376 Patching /opt/qt/6.8.3/gcc_64/lib/libQt6UiTools.prl
2026-10-03 03:19:13,940 - aqt.updater - INFO - updater 139697857005376 Patching /opt/qt/6.8.3/gcc_64/lib/libQt6QmlLocalStorage.prl
2026-10-03 03:19:13,940 - aqt.updater - INFO - updater 139697857005376 Patching /opt/qt/6.8.3/gcc_64/lib/libQt6Xml.prl
2026-10-03 03:19:13,941 - aqt.updater - INFO - updater 139697857005376 Patching /opt/qt/6.8.3/gcc_64/lib/libQt6DBus.prl
2026-10-03 03:19:13,941 - aqt.updater - INFO - updater 139697857005376 Patching /opt/qt/6.8.3/gcc_64/lib/libQt6DesignerComponents.prl
2026-10-03 03:19:13,941 - aqt.updater - INFO - updater 139697857005376 Patching /opt/qt/6.8.3/gcc_64/lib/libQt6Concurrent.prl
2026-10-03 03:19:13,941 - aqt.updater - INFO - updater 139697857005376 Patching /opt/qt/6.8.3/gcc_64/lib/libQt6QuickDialogs2Utils.prl
2026-10-03 03:19:13,941 - aqt.updater - INFO - updater 139697857005376 Patching /opt/qt/6.8.3/gcc_64/lib/libQt6EglFsKmsSupport.prl
2026-10-03 03:19:13,941 - aqt.updater - INFO - updater 139697857005376 Patching /opt/qt/6.8.3/gcc_64/lib/libQt6QuickControls2UniversalStyleImpl.prl
2026-10-03 03:19:13,941 - aqt.updater - INFO - updater 139697857005376 Patching /opt/qt/6.8.3/gcc_64/lib/libQt6QuickControls2MaterialStyleImpl.prl
2026-10-03 03:19:13,941 - aqt.updater - INFO - updater 139697857005376 Patching /opt/qt/6.8.3/gcc_64/lib/libQt6ExamplesAssetDownloader.prl
2026-10-03 03:19:13,941 - aqt.updater - INFO - updater 139697857005376 Patching /opt/qt/6.8.3/gcc_64/lib/libQt6OpenGL.prl
2026-10-03 03:19:13,941 - aqt.updater - INFO - updater 139697857005376 Patching /opt/qt/6.8.3/gcc_64/lib/libQt6QmlTypeRegistrar.prl
2026-10-03 03:19:13,941 - aqt.updater - INFO - updater 139697857005376 Patching /opt/qt/6.8.3/gcc_64/lib/libQt6QmlAssetDownloader.prl
2026-10-03 03:19:13,942 - aqt.updater - INFO - updater 139697857005376 Patching /opt/qt/6.8.3/gcc_64/lib/libQt6LabsPlatform.prl
2026-10-03 03:19:13,942 - aqt.updater - INFO - updater 139697857005376 Patching /opt/qt/6.8.3/gcc_64/lib/libQt6Qml.prl
2026-10-03 03:19:13,942 - aqt.updater - INFO - updater 139697857005376 Patching /opt/qt/6.8.3/gcc_64/lib/libQt6QmlCore.prl
2026-10-03 03:19:13,942 - aqt.updater - INFO - updater 139697857005376 Patching /opt/qt/6.8.3/gcc_64/lib/libQt6WlShellIntegration.prl
2026-10-03 03:19:13,942 - aqt.updater - INFO - updater 139697857005376 Patching /opt/qt/6.8.3/gcc_64/lib/libQt6LabsFolderListModel.prl
2026-10-03 03:19:13,942 - aqt.updater - INFO - updater 139697857005376 Patching /opt/qt/6.8.3/gcc_64/lib/libQt6QuickControls2.prl
2026-10-03 03:19:13,942 - aqt.updater - INFO - updater 139697857005376 Patching /opt/qt/6.8.3/gcc_64/lib/libQt6QmlNetwork.prl
2026-10-03 03:19:13,942 - aqt.updater - INFO - updater 139697857005376 Patching /opt/qt/6.8.3/gcc_64/lib/libQt6QuickEffects.prl
2026-10-03 03:19:13,942 - aqt.updater - INFO - updater 139697857005376 Patching /opt/qt/6.8.3/gcc_64/lib/libQt6QmlToolingSettings.prl
2026-10-03 03:19:13,942 - aqt.updater - INFO - updater 139697857005376 Patching /opt/qt/6.8.3/gcc_64/lib/libQt6QuickVectorImage.prl
2026-10-03 03:19:13,942 - aqt.updater - INFO - updater 139697857005376 Patching /opt/qt/6.8.3/gcc_64/lib/libQt6QmlCompiler.prl
2026-10-03 03:19:13,942 - aqt.updater - INFO - updater 139697857005376 Patching /opt/qt/6.8.3/gcc_64/lib/libQt6LabsQmlModels.prl
2026-10-03 03:19:13,943 - aqt.updater - INFO - updater 139697857005376 Patching /opt/qt/6.8.3/gcc_64/lib/libQt6QuickTest.prl
2026-10-03 03:19:13,943 - aqt.updater - INFO - updater 139697857005376 Patching /opt/qt/6.8.3/gcc_64/lib/libQt6Widgets.prl
2026-10-03 03:19:13,943 - aqt.updater - INFO - updater 139697857005376 Patching /opt/qt/6.8.3/gcc_64/lib/libQt6QuickControls2Imagine.prl
2026-10-03 03:19:13,943 - aqt.updater - INFO - updater 139697857005376 Patching /opt/qt/6.8.3/gcc_64/lib/libQt6FbSupport.prl
2026-10-03 03:19:13,943 - aqt.updater - INFO - updater 139697857005376 Patching /opt/qt/6.8.3/gcc_64/lib/libQt6QmlMeta.prl
2026-10-03 03:19:13,943 - aqt.updater - INFO - updater 139697857005376 Patching /opt/qt/6.8.3/gcc_64/lib/libQt6Quick.prl
2026-10-03 03:19:13,943 - aqt.updater - INFO - updater 139697857005376 Patching /opt/qt/6.8.3/gcc_64/lib/libQt6QuickControls2Universal.prl
2026-10-03 03:19:13,943 - aqt.updater - INFO - updater 139697857005376 Patching /opt/qt/6.8.3/gcc_64/lib/libQt6QmlLS.prl
2026-10-03 03:19:13,943 - aqt.updater - INFO - updater 139697857005376 Patching /opt/qt/6.8.3/gcc_64/lib/libQt6Core.prl
2026-10-03 03:19:13,943 - aqt.updater - INFO - updater 139697857005376 Patching /opt/qt/6.8.3/gcc_64/lib/libQt6QuickControls2FusionStyleImpl.prl
2026-10-03 03:19:13,943 - aqt.updater - INFO - updater 139697857005376 Patching /opt/qt/6.8.3/gcc_64/lib/libQt6Sql.prl
2026-10-03 03:19:13,943 - aqt.updater - INFO - updater 139697857005376 Patching /opt/qt/6.8.3/gcc_64/lib/libQt6QuickWidgets.prl
2026-10-03 03:19:13,944 - aqt.updater - INFO - updater 139697857005376 Patching /opt/qt/6.8.3/gcc_64/lib/libQt6QuickDialogs2QuickImpl.prl
2026-10-03 03:19:13,944 - aqt.updater - INFO - updater 139697857005376 Patching /opt/qt/6.8.3/gcc_64/lib/libQt6QuickParticles.prl
2026-10-03 03:19:13,944 - aqt.updater - INFO - updater 139697857005376 Patching /opt/qt/6.8.3/gcc_64/lib/libQt6QuickLayouts.prl
2026-10-03 03:19:13,944 - aqt.updater - INFO - updater 139697857005376 Patching /opt/qt/6.8.3/gcc_64/lib/libQt6QuickControls2Fusion.prl
2026-10-03 03:19:13,944 - aqt.updater - INFO - updater 139697857005376 Patching /opt/qt/6.8.3/gcc_64/lib/libQt6Test.prl
2026-10-03 03:19:13,944 - aqt.updater - INFO - updater 139697857005376 Patching /opt/qt/6.8.3/gcc_64/lib/libQt6QuickVectorImageGenerator.prl
2026-10-03 03:19:13,944 - aqt.updater - INFO - updater 139697857005376 Patching /opt/qt/6.8.3/gcc_64/lib/libQt6LabsSharedImage.prl
2026-10-03 03:19:13,944 - aqt.updater - INFO - updater 139697857005376 Patching /opt/qt/6.8.3/gcc_64/lib/libQt6QmlWorkerScript.prl
2026-10-03 03:19:13,944 - aqt.updater - INFO - updater 139697857005376 Patching /opt/qt/6.8.3/gcc_64/lib/libQt6QuickControls2Basic.prl
2026-10-03 03:19:13,944 - aqt.updater - INFO - updater 139697857005376 Patching /opt/qt/6.8.3/gcc_64/lib/libQt6QuickTemplates2.prl
2026-10-03 03:19:13,944 - aqt.updater - INFO - updater 139697857005376 Patching /opt/qt/6.8.3/gcc_64/lib/libQt6QuickControls2BasicStyleImpl.prl
2026-10-03 03:19:13,944 - aqt.updater - INFO - updater 139697857005376 Patching /opt/qt/6.8.3/gcc_64/lib/libQt6OpenGLWidgets.prl
2026-10-03 03:19:13,945 - aqt.updater - INFO - updater 139697857005376 Patching /opt/qt/6.8.3/gcc_64/lib/libQt6QuickShapes.prl
2026-10-03 03:19:13,945 - aqt.updater - INFO - updater 139697857005376 Patching /opt/qt/6.8.3/gcc_64/lib/libQt6KmsSupport.prl
2026-10-03 03:19:13,945 - aqt.updater - INFO - updater 139697857005376 Patching /opt/qt/6.8.3/gcc_64/lib/libQt6QuickControls2ImagineStyleImpl.prl
2026-10-03 03:19:13,945 - aqt.updater - INFO - updater 139697857005376 Patching /opt/qt/6.8.3/gcc_64/lib/libQt6QuickControlsTestUtils.prl
2026-10-03 03:19:13,945 - aqt.updater - INFO - updater 139697857005376 Patching /opt/qt/6.8.3/gcc_64/lib/libQt6Network.prl
2026-10-03 03:19:13,945 - aqt.updater - INFO - updater 139697857005376 Patching /opt/qt/6.8.3/gcc_64/lib/libQt6LabsAnimation.prl
2026-10-03 03:19:13,945 - aqt.updater - INFO - updater 139697857005376 Patching /opt/qt/6.8.3/gcc_64/lib/libQt6QmlXmlListModel.prl
2026-10-03 03:19:13,945 - aqt.updater - INFO - updater 139697857005376 Patching /opt/qt/6.8.3/gcc_64/lib/libQt6SvgWidgets.prl
2026-10-03 03:19:13,945 - aqt.updater - INFO - updater 139697857005376 Patching /opt/qt/6.8.3/gcc_64/lib/libQt6QuickDialogs2.prl
2026-10-03 03:19:13,945 - aqt.updater - INFO - updater 139697857005376 Patching /opt/qt/6.8.3/gcc_64/lib/libQt6QmlDom.prl
2026-10-03 03:19:13,945 - aqt.updater - INFO - updater 139697857005376 Patching /opt/qt/6.8.3/gcc_64/lib/libQt6ExampleIcons.prl
2026-10-03 03:19:13,945 - aqt.updater - INFO - updater 139697857005376 Patching /opt/qt/6.8.3/gcc_64/lib/libQt6QuickControls2Impl.prl
2026-10-03 03:19:13,946 - aqt.updater - INFO - updater 139697857005376 Patching /opt/qt/6.8.3/gcc_64/lib/libQt6PacketProtocol.prl
2026-10-03 03:19:13,946 - aqt.updater - INFO - updater 139697857005376 Patching /opt/qt/6.8.3/gcc_64/lib/libQt6EglFsKmsGbmSupport.prl
2026-10-03 03:19:13,946 - aqt.updater - INFO - updater 139697857005376 Patching /opt/qt/6.8.3/gcc_64/lib/libQt6DeviceDiscoverySupport.prl
2026-10-03 03:19:13,946 - aqt.updater - INFO - updater 139697857005376 Patching /opt/qt/6.8.3/gcc_64/lib/libQt6QuickControls2FluentWinUI3StyleImpl.prl
2026-10-03 03:19:13,946 - aqt.updater - INFO - updater 139697857005376 Patching /opt/qt/6.8.3/gcc_64/lib/libQt6XcbQpa.prl
2026-10-03 03:19:13,946 - aqt.updater - INFO - updater 139697857005376 Patching /opt/qt/6.8.3/gcc_64/lib/libQt6PrintSupport.prl
2026-10-03 03:19:13,946 - aqt.updater - INFO - updater 139697857005376 Patching /opt/qt/6.8.3/gcc_64/lib/libQt6WaylandClient.prl
2026-10-03 03:19:13,946 - aqt.updater - INFO - updater 139697857005376 Patching /opt/qt/6.8.3/gcc_64/lib/libQt6QmlDebug.prl
2026-10-03 03:19:13,946 - aqt.updater - INFO - updater 139697857005376 Patching /opt/qt/6.8.3/gcc_64/lib/libQt6EglFSDeviceIntegration.prl
2026-10-03 03:19:13,946 - aqt.updater - INFO - updater 139697857005376 Patching /opt/qt/6.8.3/gcc_64/lib/libQt6InputSupport.prl
2026-10-03 03:19:13,946 - aqt.updater - INFO - updater 139697857005376 Patching /opt/qt/6.8.3/gcc_64/lib/libQt6LabsSettings.prl
2026-10-03 03:19:13,947 - aqt.updater - INFO - updater 139697857005376 Patching /opt/qt/6.8.3/gcc_64/lib/libQt6LabsWavefrontMesh.prl
2026-10-03 03:19:13,947 - aqt.main - INFO - installer 139697857005376 Finished installation
2026-10-03 03:19:13,947 - aqt.main - INFO - installer 139697857005376 Time elapsed: 229.29777033 second
